// Jest Snapshot v1, https://goo.gl/fbAQLP

exports[`<GifCollectionItem/> tests should show correctly the component 1`] = `
<div
  className="card animate__animated animate__fadeIn"
>
  <img
    alt="regresa el tiempo y vuelve"
    src="https://localhost/algo.jpg"
  />
  <p>
    regresa el tiempo y vuelve
  </p>
</div>
`;
