// Jest Snapshot v1, https://goo.gl/fbAQLP

exports[`< GifCollection /> tests should match snapshot 1`] = `
<Fragment>
  <h3>
    Slipknot
  </h3>
  <p
    className=" animate__animated animate__flash"
  >
    Loading...
  </p>
  <div
    className="card-collection"
  />
</Fragment>
`;
